0 verbose cli /usr/local/bin/node /usr/local/lib/node_modules/npm/bin/npm-cli.js
1 info using npm@11.6.2
2 info using node@v24.13.0
3 silly config load:file:/usr/local/lib/node_modules/npm/npmrc
4 silly config load:file:/Users/lyzanor/Documents/Me/Data/Projects/Km0/Data/Github - km0/.npmrc
5 silly config load:file:/Users/lyzanor/.npmrc
6 silly config load:file:/usr/local/etc/npmrc
7 verbose title npm exec pnpm verify:ai
8 verbose argv "exec" "--" "pnpm" "verify:ai"
9 verbose logfile logs-max:10 dir:/Users/lyzanor/Documents/Me/Data/Projects/Km0/Data/Github - km0/.tmp/npm-cache/_logs/2026-04-25T20_51_08_577Z-
10 verbose logfile /Users/lyzanor/Documents/Me/Data/Projects/Km0/Data/Github - km0/.tmp/npm-cache/_logs/2026-04-25T20_51_08_577Z-debug-0.log
11 silly logfile done cleaning log files
12 silly packumentCache heap:4496293888 maxSize:1124073472 maxEntrySize:562036736
13 http fetch GET 200 https://registry.npmjs.org/npm 211ms
14 http fetch GET 200 https://registry.npmjs.org/pnpm 135ms (cache miss)
15 silly packumentCache heap:4496293888 maxSize:1124073472 maxEntrySize:562036736
16 silly packumentCache heap:4496293888 maxSize:1124073472 maxEntrySize:562036736
17 warn exec The following package was not found and will be installed: pnpm@10.33.2
18 silly idealTree buildDeps
19 silly fetch manifest pnpm@10.33.2
20 silly packumentCache full:https://registry.npmjs.org/pnpm cache-miss
21 http fetch GET 200 https://registry.npmjs.org/pnpm 624ms (cache miss)
22 silly packumentCache full:https://registry.npmjs.org/pnpm set size:undefined disposed:false
23 silly placeDep ROOT pnpm@10.33.2 OK for:  want: 10.33.2
24 silly reify moves {}
25 silly audit bulk request { pnpm: [ '10.33.2' ] }
26 http cache pnpm@https://registry.npmjs.org/pnpm/-/pnpm-10.33.2.tgz 0ms (cache hit)
27 silly tarball no local data for pnpm@https://registry.npmjs.org/pnpm/-/pnpm-10.33.2.tgz. Extracting by manifest.
28 http fetch POST 200 https://registry.npmjs.org/-/npm/v1/security/advisories/bulk 201ms
29 silly audit report {}
30 http fetch GET 200 https://registry.npmjs.org/pnpm/-/pnpm-10.33.2.tgz 400ms (cache miss)
31 verbose cwd /Users/lyzanor/Documents/Me/Data/Projects/Km0/Data/Github - km0
32 verbose os Darwin 25.4.0
33 verbose node v24.13.0
34 verbose npm  v11.6.2
35 notice
35 notice New minor version of npm available! 11.6.2 -> 11.13.0
35 notice Changelog: https://github.com/npm/cli/releases/tag/v11.13.0
35 notice To update run: npm install -g npm@11.13.0
35 notice  { force: true, Symbol(proc-log.meta): true }
36 verbose exit 1
37 verbose code 1
