0 verbose cli /usr/local/bin/node /usr/local/lib/node_modules/npm/bin/npm-cli.js
1 info using npm@11.6.2
2 info using node@v24.13.0
3 silly config load:file:/usr/local/lib/node_modules/npm/npmrc
4 silly config load:file:/Users/lyzanor/Documents/Me/Data/Projects/Km0/Data/Github - km0/.npmrc
5 silly config load:file:/Users/lyzanor/.npmrc
6 silly config load:file:/usr/local/etc/npmrc
7 verbose title npm exec pnpm verify:ai
8 verbose argv "exec" "--" "pnpm" "verify:ai"
9 verbose logfile logs-max:10 dir:/Users/lyzanor/Documents/Me/Data/Projects/Km0/Data/Github - km0/.tmp/npm-cache/_logs/2026-04-25T20_54_03_142Z-
10 verbose logfile /Users/lyzanor/Documents/Me/Data/Projects/Km0/Data/Github - km0/.tmp/npm-cache/_logs/2026-04-25T20_54_03_142Z-debug-0.log
11 silly logfile done cleaning log files
12 silly packumentCache heap:4496293888 maxSize:1124073472 maxEntrySize:562036736
13 http fetch GET 200 https://registry.npmjs.org/pnpm 130ms (cache revalidated)
14 silly packumentCache heap:4496293888 maxSize:1124073472 maxEntrySize:562036736
15 silly packumentCache heap:4496293888 maxSize:1124073472 maxEntrySize:562036736
16 verbose cwd /Users/lyzanor/Documents/Me/Data/Projects/Km0/Data/Github - km0
17 verbose os Darwin 25.4.0
18 verbose node v24.13.0
19 verbose npm  v11.6.2
20 verbose exit 1
21 verbose code 1
